// Jest Snapshot v1, https://goo.gl/fbAQLP

exports[`getAllData should initialize correctly with basic input 1`] = `
{
  "/button": {
    "depth": 0,
    "description": undefined,
    "examples": [],
    "exportedTypes": [],
    "gitMetadata": {
      "authors": [],
      "createdAt": undefined,
      "updatedAt": undefined,
    },
    "label": "Button",
    "mdxPath": "/components/Button.mdx",
    "order": 1,
    "pathname": "/button",
    "sourcePath": "",
    "title": "Button",
  },
}
`;
