// Jest Snapshot v1, https://goo.gl/fbAQLP

exports[`get examples from directory 1`] = `
[
  "/directory/examples/BasicUsage.tsx",
]
`;

exports[`get examples from extension 1`] = `"/Button.examples.tsx"`;

exports[`get examples from source file 1`] = `
[
  {
    "moduleExport": [Function],
    "name": "BasicUsage",
    "slug": "basic-usage",
    "sourcePath": "",
    "sourceText": "import { Button } from '../Button'

export function BasicUsage() {
  return <Button label="Say hello" onPress={() => alert('Hello!')} />
}",
  },
  {
    "moduleExport": [Function],
    "name": "AlternateUsage",
    "slug": "alternate-usage",
    "sourcePath": "",
    "sourceText": "import { Button } from '../Button'

export function AlternateUsage() {
  return <Button label="Say goodbye" onPress={() => alert('Goodbye!')} />
}",
  },
]
`;
